16:49:40 **** Incremental Build of configuration Debug for project serial_echo ****
make all 
Building file: ../Sources/Events.c
Invoking: Cross ARM C Compiler
arm-none-eabi-gcc -mcpu=cortex-m4 -mthumb -mfloat-abi=hard -mfpu=fpv4-sp-d16 -O0 -fmessage-length=0 -fsigned-char -ffunction-sections -fdata-sections -Wall  -g3 -D"CPU_MK64FN1M0VLL12" -D"FSL_RTOS_MQX" -D"PEX_MQX_KSDK" -I"C:/Users/geoff147/workspace/serial_echo/SDK/platform/hal/inc" -I"C:/Users/geoff147/workspace/serial_echo/SDK/platform/hal/src/sim/MK64F12" -I"C:/Users/geoff147/workspace/serial_echo/SDK/platform/system/src/clock/MK64F12" -I"C:/Users/geoff147/workspace/serial_echo/SDK/platform/system/inc" -I"C:/Users/geoff147/workspace/serial_echo/SDK/platform/osa/inc" -I"C:/Users/geoff147/workspace/serial_echo/SDK/platform/CMSIS/Include" -I"C:/Users/geoff147/workspace/serial_echo/SDK/platform/devices" -I"C:/Users/geoff147/workspace/serial_echo/SDK/platform/devices/MK64F12/include" -I"C:/Users/geoff147/workspace/serial_echo/SDK/platform/utilities/src" -I"C:/Users/geoff147/workspace/serial_echo/SDK/platform/utilities/inc" -I"C:/Users/geoff147/workspace/serial_echo/SDK/platform/devices/MK64F12/startup" -I"C:/Users/geoff147/workspace/serial_echo/Generated_Code/SDK/platform/devices/MK64F12/startup" -I"C:/Users/geoff147/workspace/serial_echo/Sources" -I"C:/Users/geoff147/workspace/serial_echo/Generated_Code" -I"C:/Users/geoff147/workspace/serial_echo/SDK/platform/drivers/inc" -I"C:/Users/geoff147/workspace/serial_echo/SDK/rtos/mqx/mqx/source/psp/cortex_m" -I"C:/Users/geoff147/workspace/serial_echo/SDK/rtos/mqx/mqx/source/psp/cortex_m/cpu" -I"C:/Users/geoff147/workspace/serial_echo/SDK/rtos/mqx/config/common" -I"C:/Users/geoff147/workspace/serial_echo/SDK/rtos/mqx/mqx/source/include" -I"C:/Users/geoff147/workspace/serial_echo/SDK/rtos/mqx/mqx/source/bsp" -I"C:/Users/geoff147/workspace/serial_echo/SDK/rtos/mqx/mqx/source/psp/cortex_m/compiler/gcc_arm" -I"C:/Users/geoff147/workspace/serial_echo/SDK/rtos/mqx/mqx/source/nio" -I"C:/Users/geoff147/workspace/serial_echo/SDK/rtos/mqx/mqx/source/nio/src" -I"C:/Users/geoff147/workspace/serial_echo/SDK/rtos/mqx/mqx/source/nio/fs" -I"C:/Users/geoff147/workspace/serial_echo/SDK/rtos/mqx/mqx/source/nio/drivers/nio_dummy" -I"C:/Users/geoff147/workspace/serial_echo/SDK/rtos/mqx/mqx/source/nio/drivers/nio_serial" -I"C:/Users/geoff147/workspace/serial_echo/SDK/rtos/mqx/mqx/source/nio/drivers/nio_tty" -I"C:/Users/geoff147/workspace/serial_echo/SDK/rtos/mqx/mqx_stdlib/source/include" -I"C:/Users/geoff147/workspace/serial_echo/SDK/rtos/mqx/mqx_stdlib/source/stdio" -I"C:/Users/geoff147/workspace/serial_echo/SDK/platform/hal/src/uart" -I"C:/Users/geoff147/workspace/serial_echo/SDK/platform/drivers/src/uart" -I"C:/Users/geoff147/workspace/serial_echo/Generated_Code/SDK/rtos/mqx/config/board" -I"C:/Users/geoff147/workspace/serial_echo/Generated_Code/SDK/rtos/mqx/config/mcu" -std=c99 -MMD -MP -MF"Sources/Events.d" -MT"Sources/Events.o" -c -o "Sources/Events.o" "../Sources/Events.c"
../Sources/Events.c:50:1: warning: "/*" within comment [-Wcomment]
 /*
 ^
../Sources/Events.c: In function 'myUART_RxCallback':
../Sources/Events.c:75:16: warning: pointer targets in assignment differ in signedness [-Wpointer-sign]
  msg_ptr->DATA = myRxBuff; //set data to data from ISR buffer
                ^
Finished building: ../Sources/Events.c
 
Building file: ../Sources/os_tasks.c
Invoking: Cross ARM C Compiler
arm-none-eabi-gcc -mcpu=cortex-m4 -mthumb -mfloat-abi=hard -mfpu=fpv4-sp-d16 -O0 -fmessage-length=0 -fsigned-char -ffunction-sections -fdata-sections -Wall  -g3 -D"CPU_MK64FN1M0VLL12" -D"FSL_RTOS_MQX" -D"PEX_MQX_KSDK" -I"C:/Users/geoff147/workspace/serial_echo/SDK/platform/hal/inc" -I"C:/Users/geoff147/workspace/serial_echo/SDK/platform/hal/src/sim/MK64F12" -I"C:/Users/geoff147/workspace/serial_echo/SDK/platform/system/src/clock/MK64F12" -I"C:/Users/geoff147/workspace/serial_echo/SDK/platform/system/inc" -I"C:/Users/geoff147/workspace/serial_echo/SDK/platform/osa/inc" -I"C:/Users/geoff147/workspace/serial_echo/SDK/platform/CMSIS/Include" -I"C:/Users/geoff147/workspace/serial_echo/SDK/platform/devices" -I"C:/Users/geoff147/workspace/serial_echo/SDK/platform/devices/MK64F12/include" -I"C:/Users/geoff147/workspace/serial_echo/SDK/platform/utilities/src" -I"C:/Users/geoff147/workspace/serial_echo/SDK/platform/utilities/inc" -I"C:/Users/geoff147/workspace/serial_echo/SDK/platform/devices/MK64F12/startup" -I"C:/Users/geoff147/workspace/serial_echo/Generated_Code/SDK/platform/devices/MK64F12/startup" -I"C:/Users/geoff147/workspace/serial_echo/Sources" -I"C:/Users/geoff147/workspace/serial_echo/Generated_Code" -I"C:/Users/geoff147/workspace/serial_echo/SDK/platform/drivers/inc" -I"C:/Users/geoff147/workspace/serial_echo/SDK/rtos/mqx/mqx/source/psp/cortex_m" -I"C:/Users/geoff147/workspace/serial_echo/SDK/rtos/mqx/mqx/source/psp/cortex_m/cpu" -I"C:/Users/geoff147/workspace/serial_echo/SDK/rtos/mqx/config/common" -I"C:/Users/geoff147/workspace/serial_echo/SDK/rtos/mqx/mqx/source/include" -I"C:/Users/geoff147/workspace/serial_echo/SDK/rtos/mqx/mqx/source/bsp" -I"C:/Users/geoff147/workspace/serial_echo/SDK/rtos/mqx/mqx/source/psp/cortex_m/compiler/gcc_arm" -I"C:/Users/geoff147/workspace/serial_echo/SDK/rtos/mqx/mqx/source/nio" -I"C:/Users/geoff147/workspace/serial_echo/SDK/rtos/mqx/mqx/source/nio/src" -I"C:/Users/geoff147/workspace/serial_echo/SDK/rtos/mqx/mqx/source/nio/fs" -I"C:/Users/geoff147/workspace/serial_echo/SDK/rtos/mqx/mqx/source/nio/drivers/nio_dummy" -I"C:/Users/geoff147/workspace/serial_echo/SDK/rtos/mqx/mqx/source/nio/drivers/nio_serial" -I"C:/Users/geoff147/workspace/serial_echo/SDK/rtos/mqx/mqx/source/nio/drivers/nio_tty" -I"C:/Users/geoff147/workspace/serial_echo/SDK/rtos/mqx/mqx_stdlib/source/include" -I"C:/Users/geoff147/workspace/serial_echo/SDK/rtos/mqx/mqx_stdlib/source/stdio" -I"C:/Users/geoff147/workspace/serial_echo/SDK/platform/hal/src/uart" -I"C:/Users/geoff147/workspace/serial_echo/SDK/platform/drivers/src/uart" -I"C:/Users/geoff147/workspace/serial_echo/Generated_Code/SDK/rtos/mqx/config/board" -I"C:/Users/geoff147/workspace/serial_echo/Generated_Code/SDK/rtos/mqx/config/mcu" -std=c99 -MMD -MP -MF"Sources/os_tasks.d" -MT"Sources/os_tasks.o" -c -o "Sources/os_tasks.o" "../Sources/os_tasks.c"
Finished building: ../Sources/os_tasks.c
 
Building file: ../Sources/user_funcs.c
Invoking: Cross ARM C Compiler
arm-none-eabi-gcc -mcpu=cortex-m4 -mthumb -mfloat-abi=hard -mfpu=fpv4-sp-d16 -O0 -fmessage-length=0 -fsigned-char -ffunction-sections -fdata-sections -Wall  -g3 -D"CPU_MK64FN1M0VLL12" -D"FSL_RTOS_MQX" -D"PEX_MQX_KSDK" -I"C:/Users/geoff147/workspace/serial_echo/SDK/platform/hal/inc" -I"C:/Users/geoff147/workspace/serial_echo/SDK/platform/hal/src/sim/MK64F12" -I"C:/Users/geoff147/workspace/serial_echo/SDK/platform/system/src/clock/MK64F12" -I"C:/Users/geoff147/workspace/serial_echo/SDK/platform/system/inc" -I"C:/Users/geoff147/workspace/serial_echo/SDK/platform/osa/inc" -I"C:/Users/geoff147/workspace/serial_echo/SDK/platform/CMSIS/Include" -I"C:/Users/geoff147/workspace/serial_echo/SDK/platform/devices" -I"C:/Users/geoff147/workspace/serial_echo/SDK/platform/devices/MK64F12/include" -I"C:/Users/geoff147/workspace/serial_echo/SDK/platform/utilities/src" -I"C:/Users/geoff147/workspace/serial_echo/SDK/platform/utilities/inc" -I"C:/Users/geoff147/workspace/serial_echo/SDK/platform/devices/MK64F12/startup" -I"C:/Users/geoff147/workspace/serial_echo/Generated_Code/SDK/platform/devices/MK64F12/startup" -I"C:/Users/geoff147/workspace/serial_echo/Sources" -I"C:/Users/geoff147/workspace/serial_echo/Generated_Code" -I"C:/Users/geoff147/workspace/serial_echo/SDK/platform/drivers/inc" -I"C:/Users/geoff147/workspace/serial_echo/SDK/rtos/mqx/mqx/source/psp/cortex_m" -I"C:/Users/geoff147/workspace/serial_echo/SDK/rtos/mqx/mqx/source/psp/cortex_m/cpu" -I"C:/Users/geoff147/workspace/serial_echo/SDK/rtos/mqx/config/common" -I"C:/Users/geoff147/workspace/serial_echo/SDK/rtos/mqx/mqx/source/include" -I"C:/Users/geoff147/workspace/serial_echo/SDK/rtos/mqx/mqx/source/bsp" -I"C:/Users/geoff147/workspace/serial_echo/SDK/rtos/mqx/mqx/source/psp/cortex_m/compiler/gcc_arm" -I"C:/Users/geoff147/workspace/serial_echo/SDK/rtos/mqx/mqx/source/nio" -I"C:/Users/geoff147/workspace/serial_echo/SDK/rtos/mqx/mqx/source/nio/src" -I"C:/Users/geoff147/workspace/serial_echo/SDK/rtos/mqx/mqx/source/nio/fs" -I"C:/Users/geoff147/workspace/serial_echo/SDK/rtos/mqx/mqx/source/nio/drivers/nio_dummy" -I"C:/Users/geoff147/workspace/serial_echo/SDK/rtos/mqx/mqx/source/nio/drivers/nio_serial" -I"C:/Users/geoff147/workspace/serial_echo/SDK/rtos/mqx/mqx/source/nio/drivers/nio_tty" -I"C:/Users/geoff147/workspace/serial_echo/SDK/rtos/mqx/mqx_stdlib/source/include" -I"C:/Users/geoff147/workspace/serial_echo/SDK/rtos/mqx/mqx_stdlib/source/stdio" -I"C:/Users/geoff147/workspace/serial_echo/SDK/platform/hal/src/uart" -I"C:/Users/geoff147/workspace/serial_echo/SDK/platform/drivers/src/uart" -I"C:/Users/geoff147/workspace/serial_echo/Generated_Code/SDK/rtos/mqx/config/board" -I"C:/Users/geoff147/workspace/serial_echo/Generated_Code/SDK/rtos/mqx/config/mcu" -std=c99 -MMD -MP -MF"Sources/user_funcs.d" -MT"Sources/user_funcs.o" -c -o "Sources/user_funcs.o" "../Sources/user_funcs.c"
../Sources/user_funcs.c: In function 'OpenR':
../Sources/user_funcs.c:13:4: warning: implicit declaration of function 'printf' [-Wimplicit-function-declaration]
    printf("idx %i: %i\n", i, task_read_permissions[i]);
    ^
../Sources/user_funcs.c:13:4: warning: incompatible implicit declaration of built-in function 'printf' [enabled by default]
../Sources/user_funcs.c:25:4: warning: incompatible implicit declaration of built-in function 'printf' [enabled by default]
    printf("task %i got read permission\n");
    ^
../Sources/user_funcs.c:25:4: warning: format '%i' expects a matching 'int' argument [-Wformat=]
../Sources/user_funcs.c:30:2: warning: incompatible implicit declaration of built-in function 'printf' [enabled by default]
  printf("max read permissions already given. Need to wait until another task relinquishes\n");
  ^
../Sources/user_funcs.c: In function 'OpenW':
../Sources/user_funcs.c:49:4: warning: incompatible implicit declaration of built-in function 'printf' [enabled by default]
    printf("write permission already held by task %i\n", task_write_permission);
    ^
../Sources/user_funcs.c:61:2: warning: incompatible implicit declaration of built-in function 'printf' [enabled by default]
  printf("error obtaining write lock for task %i error: %d \n", _task_get_id(), mutex_lock_result);
  ^
../Sources/user_funcs.c:61:2: warning: format '%i' expects argument of type 'int', but argument 2 has type '_task_id' [-Wformat=]
../Sources/user_funcs.c:61:2: warning: format '%d' expects argument of type 'int', but argument 3 has type '_mqx_uint' [-Wformat=]
../Sources/user_funcs.c: In function '_putline':
../Sources/user_funcs.c:83:4: warning: incompatible implicit declaration of built-in function 'printf' [enabled by default]
    printf("write permission held by other task %i when trying to putline\n", task_write_permission);
    ^
../Sources/user_funcs.c:94:4: warning: incompatible implicit declaration of built-in function 'printf' [enabled by default]
    printf("\nCould not allocate a message in _putline() in task%i\n", task_id);
    ^
../Sources/user_funcs.c:94:4: warning: format '%i' expects argument of type 'int', but argument 2 has type '_task_id' [-Wformat=]
../Sources/user_funcs.c:106:5: warning: incompatible implicit declaration of built-in function 'printf' [enabled by default]
     printf("\nCould not send a message\n");
     ^
../Sources/user_funcs.c:113:2: warning: incompatible implicit declaration of built-in function 'printf' [enabled by default]
  printf("unable to obtain write lock in _putline\n");
  ^
../Sources/user_funcs.c: In function 'Close':
../Sources/user_funcs.c:124:4: warning: incompatible implicit declaration of built-in function 'printf' [enabled by default]
    printf("write permission held by other task %i\n", task_write_permission);
    ^
Finished building: ../Sources/user_funcs.c
 
Building target: serial_echo.elf
Invoking: Cross ARM C++ Linker
arm-none-eabi-g++ -mcpu=cortex-m4 -mthumb -mfloat-abi=hard -mfpu=fpv4-sp-d16 -O0 -fmessage-length=0 -fsigned-char -ffunction-sections -fdata-sections -Wall  -g3 -T "C:/Users/geoff147/workspace/serial_echo/Project_Settings/Linker_Files/ProcessorExpert.ld" -Xlinker --gc-sections -L"C:/Users/geoff147/workspace/serial_echo/Project_Settings/Linker_Files" -Wl,-Map,"serial_echo.map" -lgcc -lc -lsupc++ -lm -specs=nosys.specs -nostartfiles -Xlinker -z -Xlinker muldefs -Xlinker -static -o "serial_echo.elf"  ./Static_Code/System/PE_low_level_init.o  ./Sources/Events.o ./Sources/funcs.o ./Sources/main.o ./Sources/os_tasks.o ./Sources/rtos_main_task.o ./Sources/user_funcs.o  ./SDK/rtos/mqx/mqx_stdlib/source/strings/strings.o  ./SDK/rtos/mqx/mqx_stdlib/source/stdio/buf_prv.o ./SDK/rtos/mqx/mqx_stdlib/source/stdio/err.o ./SDK/rtos/mqx/mqx_stdlib/source/stdio/fclose.o ./SDK/rtos/mqx/mqx_stdlib/source/stdio/fflush.o ./SDK/rtos/mqx/mqx_stdlib/source/stdio/fopen.o ./SDK/rtos/mqx/mqx_stdlib/source/stdio/fp_prv.o ./SDK/rtos/mqx/mqx_stdlib/source/stdio/fread.o ./SDK/rtos/mqx/mqx_stdlib/source/stdio/fwrite.o ./SDK/rtos/mqx/mqx_stdlib/source/stdio/get.o ./SDK/rtos/mqx/mqx_stdlib/source/stdio/pos.o ./SDK/rtos/mqx/mqx_stdlib/source/stdio/print.o ./SDK/rtos/mqx/mqx_stdlib/source/stdio/print_prv.o ./SDK/rtos/mqx/mqx_stdlib/source/stdio/put.o ./SDK/rtos/mqx/mqx_stdlib/source/stdio/scan.o ./SDK/rtos/mqx/mqx_stdlib/source/stdio/scan_prv.o ./SDK/rtos/mqx/mqx_stdlib/source/stdio/stdio.o  ./SDK/rtos/mqx/mqx/source/string/str_utos.o ./SDK/rtos/mqx/mqx/source/string/strnlen.o  ./SDK/rtos/mqx/mqx/source/psp/cortex_m/core/M4/boot.o ./SDK/rtos/mqx/mqx/source/psp/cortex_m/core/M4/dispatch.o ./SDK/rtos/mqx/mqx/source/psp/cortex_m/core/M4/support.o  ./SDK/rtos/mqx/mqx/source/psp/cortex_m/compiler/gcc_arm/comp.o  ./SDK/rtos/mqx/mqx/source/psp/cortex_m/cortex.o ./SDK/rtos/mqx/mqx/source/psp/cortex_m/int_gkis.o ./SDK/rtos/mqx/mqx/source/psp/cortex_m/int_kisr.o ./SDK/rtos/mqx/mqx/source/psp/cortex_m/int_pvta.o ./SDK/rtos/mqx/mqx/source/psp/cortex_m/int_unx.o ./SDK/rtos/mqx/mqx/source/psp/cortex_m/int_vtab.o ./SDK/rtos/mqx/mqx/source/psp/cortex_m/int_xcpt.o ./SDK/rtos/mqx/mqx/source/psp/cortex_m/ipsum.o ./SDK/rtos/mqx/mqx/source/psp/cortex_m/mem_copy.o ./SDK/rtos/mqx/mqx/source/psp/cortex_m/mem_zero.o ./SDK/rtos/mqx/mqx/source/psp/cortex_m/nvic.o ./SDK/rtos/mqx/mqx/source/psp/cortex_m/psp_dati.o ./SDK/rtos/mqx/mqx/source/psp/cortex_m/psp_gelms.o ./SDK/rtos/mqx/mqx/source/psp/cortex_m/psp_hoti.o ./SDK/rtos/mqx/mqx/source/psp/cortex_m/psp_iinit.o ./SDK/rtos/mqx/mqx/source/psp/cortex_m/psp_mat1.o ./SDK/rtos/mqx/mqx/source/psp/cortex_m/psp_mat2.o ./SDK/rtos/mqx/mqx/source/psp/cortex_m/psp_mat3.o ./SDK/rtos/mqx/mqx/source/psp/cortex_m/psp_miti.o ./SDK/rtos/mqx/mqx/source/psp/cortex_m/psp_msti.o ./SDK/rtos/mqx/mqx/source/psp/cortex_m/psp_mstiq.o ./SDK/rtos/mqx/mqx/source/psp/cortex_m/psp_nsti.o ./SDK/rtos/mqx/mqx/source/psp/cortex_m/psp_psti.o ./SDK/rtos/mqx/mqx/source/psp/cortex_m/psp_seti.o ./SDK/rtos/mqx/mqx/source/psp/cortex_m/psp_supp.o ./SDK/rtos/mqx/mqx/source/psp/cortex_m/psp_tiad.o ./SDK/rtos/mqx/mqx/source/psp/cortex_m/psp_tida.o ./SDK/rtos/mqx/mqx/source/psp/cortex_m/psp_tihr.o ./SDK/rtos/mqx/mqx/source/psp/cortex_m/psp_timn.o ./SDK/rtos/mqx/mqx/source/psp/cortex_m/psp_tims.o ./SDK/rtos/mqx/mqx/source/psp/cortex_m/psp_tinm.o ./SDK/rtos/mqx/mqx/source/psp/cortex_m/psp_tins.o ./SDK/rtos/mqx/mqx/source/psp/cortex_m/psp_tiol.o ./SDK/rtos/mqx/mqx/source/psp/cortex_m/psp_tipr.o ./SDK/rtos/mqx/mqx/source/psp/cortex_m/psp_tips.o ./SDK/rtos/mqx/mqx/source/psp/cortex_m/psp_tise.o ./SDK/rtos/mqx/mqx/source/psp/cortex_m/psp_tisu.o ./SDK/rtos/mqx/mqx/source/psp/cortex_m/psp_tius.o ./SDK/rtos/mqx/mqx/source/psp/cortex_m/psp_tkti.o ./SDK/rtos/mqx/mqx/source/psp/cortex_m/psp_usti.o ./SDK/rtos/mqx/mqx/source/psp/cortex_m/sc_irdyq.o ./SDK/rtos/mqx/mqx/source/psp/cortex_m/stack_bu.o ./SDK/rtos/mqx/mqx/source/psp/cortex_m/stack_de.o ./SDK/rtos/mqx/mqx/source/psp/cortex_m/stack_st.o  ./SDK/rtos/mqx/mqx/source/nio/src/errno.o ./SDK/rtos/mqx/mqx/source/nio/src/nio.o ./SDK/rtos/mqx/mqx/source/nio/src/nio_posix.o ./SDK/rtos/mqx/mqx/source/nio/src/nio_std_adpt.o  ./SDK/rtos/mqx/mqx/source/nio/fs/fs_supp.o  ./SDK/rtos/mqx/mqx/source/nio/drivers/nio_tty/src/nio_tty.o  ./SDK/rtos/mqx/mqx/source/nio/drivers/nio_serial/src/nio_serial.o  ./SDK/rtos/mqx/mqx/source/nio/drivers/nio_dummy/src/nio_dummy.o  ./SDK/rtos/mqx/mqx/source/kernel/event.o ./SDK/rtos/mqx/mqx/source/kernel/idletask.o ./SDK/rtos/mqx/mqx/source/kernel/inittask.o ./SDK/rtos/mqx/mqx/source/kernel/int.o ./SDK/rtos/mqx/mqx/source/kernel/klog.o ./SDK/rtos/mqx/mqx/source/kernel/log.o ./SDK/rtos/mqx/mqx/source/kernel/lwevent.o ./SDK/rtos/mqx/mqx/source/kernel/lwlog.o ./SDK/rtos/mqx/mqx/source/kernel/lwmem.o ./SDK/rtos/mqx/mqx/source/kernel/lwmsgq.o ./SDK/rtos/mqx/mqx/source/kernel/lwsem.o ./SDK/rtos/mqx/mqx/source/kernel/lwtimer.o ./SDK/rtos/mqx/mqx/source/kernel/mem.o ./SDK/rtos/mqx/mqx/source/kernel/mqx.o ./SDK/rtos/mqx/mqx/source/kernel/msg.o ./SDK/rtos/mqx/mqx/source/kernel/msgpool.o ./SDK/rtos/mqx/mqx/source/kernel/msgq.o ./SDK/rtos/mqx/mqx/source/kernel/mutex.o ./SDK/rtos/mqx/mqx/source/kernel/name.o ./SDK/rtos/mqx/mqx/source/kernel/partition.o ./SDK/rtos/mqx/mqx/source/kernel/queue.o ./SDK/rtos/mqx/mqx/source/kernel/sched.o ./SDK/rtos/mqx/mqx/source/kernel/sem.o ./SDK/rtos/mqx/mqx/source/kernel/task.o ./SDK/rtos/mqx/mqx/source/kernel/taskq.o ./SDK/rtos/mqx/mqx/source/kernel/time.o ./SDK/rtos/mqx/mqx/source/kernel/timer.o ./SDK/rtos/mqx/mqx/source/kernel/tlsf.o ./SDK/rtos/mqx/mqx/source/kernel/tlsf_adaptation.o ./SDK/rtos/mqx/mqx/source/kernel/watchdog.o  ./SDK/rtos/mqx/mqx/source/bsp/init_bsp.o  ./SDK/platform/utilities/src/fsl_debug_console.o ./SDK/platform/utilities/src/fsl_misc_utilities.o ./SDK/platform/utilities/src/print_scan.o  ./SDK/platform/system/src/interrupt/fsl_interrupt_manager.o  ./SDK/platform/system/src/hwtimer/fsl_hwtimer.o ./SDK/platform/system/src/hwtimer/fsl_hwtimer_systick.o  ./SDK/platform/system/src/clock/MK64F12/fsl_clock_MK64F12.o  ./SDK/platform/system/src/clock/fsl_clock_manager.o ./SDK/platform/system/src/clock/fsl_clock_manager_common.o  ./SDK/platform/osa/src/fsl_os_abstraction_mqx.o  ./SDK/platform/hal/src/uart/fsl_uart_hal.o  ./SDK/platform/hal/src/sim/MK64F12/fsl_sim_hal_MK64F12.o  ./SDK/platform/hal/src/rtc/fsl_rtc_hal.o  ./SDK/platform/hal/src/port/fsl_port_hal.o  ./SDK/platform/hal/src/osc/fsl_osc_hal.o  ./SDK/platform/hal/src/mpu/fsl_mpu_hal.o  ./SDK/platform/hal/src/mcg/fsl_mcg_hal.o ./SDK/platform/hal/src/mcg/fsl_mcg_hal_modes.o  ./SDK/platform/drivers/src/uart/fsl_uart_common.o ./SDK/platform/drivers/src/uart/fsl_uart_driver.o  ./SDK/platform/drivers/src/rtc/fsl_rtc_common.o  ./SDK/platform/drivers/src/mpu/fsl_mpu_common.o ./SDK/platform/drivers/src/mpu/fsl_mpu_driver.o  ./SDK/platform/devices/MK64F12/startup/gcc/startup_MK64F12.o  ./SDK/platform/devices/MK64F12/startup/system_MK64F12.o  ./SDK/platform/devices/startup.o  ./Generated_Code/Cpu.o ./Generated_Code/HandlerTask.o ./Generated_Code/MainTask.o ./Generated_Code/SerialTask.o ./Generated_Code/UserTask.o ./Generated_Code/clockMan1.o ./Generated_Code/fsl_hwtimer1.o ./Generated_Code/fsl_mpu1.o ./Generated_Code/hardware_init.o ./Generated_Code/mqx_ksdk.o ./Generated_Code/myUART.o ./Generated_Code/osa1.o ./Generated_Code/pin_init.o ./Generated_Code/uart1.o   
Finished building target: serial_echo.elf
 
Invoking: Cross ARM GNU Print Size
arm-none-eabi-size --format=berkeley "serial_echo.elf"
   text	   data	    bss	    dec	    hex	filename
  63512	   2288	   4020	  69820	  110bc	serial_echo.elf
Finished building: serial_echo.siz
 

16:49:44 Build Finished (took 3s.978ms)

